---
source: crates/main/amethystate/tests/a_store_that_falls_back_to_memory.rs
assertion_line: 271
expression: in_memory
---
(
    [
        (
            Set,
            "ui.width",
            None,
            Some(
                240,
            ),
        ),
        (
            Set,
            "ui.width",
            Some(
                240,
            ),
            Some(
                320,
            ),
        ),
        (
            Set,
            "ui.panel.height",
            None,
            Some(
                80,
            ),
        ),
        (
            Set,
            "uix",
            None,
            Some(
                1,
            ),
        ),
        (
            Delete,
            "uix",
            Some(
                1,
            ),
            None,
        ),
        (
            DeletePrefix,
            "ui",
            None,
            None,
        ),
    ],
    [
        "ui.panel.height",
        "ui.width",
    ],
)
