---
source: crates/main/amethystate/tests/kv.rs
expression: shape(&err)
---
the store could not carry out the write
├╴key: ui.width
│
├─▶ the store could not read
│   ├╴store: <store>
│   ╰╴key: ui.width
│
├─▶ the value could not be encoded or decoded
│   ╰╴key: ui.width
│
├─▶ Erased codec error: invalid type: integer `800`, expected a string
│
╰─▶ invalid type: integer `800`, expected a string
